
> ncc-rgu-app@0.1.0 build
> next build

node.exe : ΓÜá Warning: Next.js inferred your 
workspace root, but it may not be correct.
At line:1 char:1
+ & "C:\Program Files\nodejs/node.exe" 
"C:\Program Files\nodejs/node_mo ...
+ ~~~~~~~~~~~~~~~~~~~~~~~~~~~~~~~~~~~~~~~~~~~~~~~
~~~~~~~~~~~~~~~~~~~~~~
    + CategoryInfo          : NotSpecified: (ΓÜá 
War    ning: Ne...not be correct.:String) [], 
RemoteExc    eption
    + FullyQualifiedErrorId : NativeCommandError
 
 We detected multiple lockfiles and selected the 
directory of C:\Users\docad\Desktop\Antigravity\p
ackage-lock.json as the root directory.
 To silence this warning, set `turbopack.root` 
in your Next.js config, or consider removing one 
of the lockfiles if it's not needed.
   See https://nextjs.org/docs/app/api-reference/
config/next-config-js/turbopack#root-directory 
for more information.
 Detected additional lockfiles: 
   * C:\Users\docad\Desktop\Antigravity\ncc-rgu-a
pp\package-lock.json

Γû▓ Next.js 16.1.6 (Turbopack)
- Environments: .env.local

  Creating an optimized production build ...
Γ£ô Compiled successfully in 7.0s
  Running TypeScript ...
  Collecting page data using 11 workers ...
  Generating static pages using 11 workers (0/15) ...
  Generating static pages using 11 workers (3/15) 
  Generating static pages using 11 workers (7/15) 
  Generating static pages using 11 workers (11/15) 
Γ£ô Generating static pages using 11 workers (15/15) in 754.4ms
  Finalizing page optimization ...

Route (app)
Γöî Γùï /
Γö£ Γùï /_not-found
Γö£ Γùï /dashboard
Γö£ Γùï /dashboard/activity
Γö£ Γùï /dashboard/announcements
Γö£ Γùï /dashboard/attendance
Γö£ Γùï /dashboard/cadets
Γö£ Γùï /dashboard/classes
Γö£ Γùï /dashboard/files
Γö£ Γùï /dashboard/notes
Γö£ Γùï /dashboard/performance
Γö£ Γùï /dashboard/profile
Γö£ Γùï /dashboard/sheet
Γöö Γùï /verify


Γùï  (Static)  prerendered as static content

