
> ncc-rgu-app@0.1.0 build
> next build

node.exe : ΓÜá Warning: Next.js inferred your 
workspace root, but it may not be correct.
At line:1 char:1
+ & "C:\Program Files\nodejs/node.exe" 
"C:\Program Files\nodejs/node_mo ...
+ ~~~~~~~~~~~~~~~~~~~~~~~~~~~~~~~~~~~~~~~~~~~~~~
~~~~~~~~~~~~~~~~~~~~~~~
    + CategoryInfo          : NotSpecified: (ΓÜ 
   á Warning: Ne...not be correct.:String) [],  
   RemoteException
    + FullyQualifiedErrorId : NativeCommandErro 
   r
 
 We detected multiple lockfiles and selected 
the directory of C:\Users\docad\Desktop\Antigrav
ity\package-lock.json as the root directory.
 To silence this warning, set `turbopack.root` 
in your Next.js config, or consider removing 
one of the lockfiles if it's not needed.
   See https://nextjs.org/docs/app/api-reference
/config/next-config-js/turbopack#root-directory 
for more information.
 Detected additional lockfiles: 
   * C:\Users\docad\Desktop\Antigravity\ncc-rgu-
app\package-lock.json

Γû▓ Next.js 16.1.6 (Turbopack)
- Environments: .env.local

  Creating an optimized production build ...
Γ£ô Compiled successfully in 5.0s
  Running TypeScript ...
  Collecting page data using 11 workers ...
  Generating static pages using 11 workers (0/14) ...
  Generating static pages using 11 workers (3/14) 
  Generating static pages using 11 workers (6/14) 
  Generating static pages using 11 workers (10/14) 
Γ£ô Generating static pages using 11 workers (14/14) in 559.0ms
  Finalizing page optimization ...

Route (app)
Γöî Γùï /
Γö£ Γùï /_not-found
Γö£ Γùï /dashboard
Γö£ Γùï /dashboard/activity
Γö£ Γùï /dashboard/announcements
Γö£ Γùï /dashboard/attendance
Γö£ Γùï /dashboard/cadets
Γö£ Γùï /dashboard/classes
Γö£ Γùï /dashboard/files
Γö£ Γùï /dashboard/notes
Γö£ Γùï /dashboard/profile
Γö£ Γùï /dashboard/sheet
Γöö Γùï /verify


Γùï  (Static)  prerendered as static content

